ModelSim native regression (no Cygwin/Icarus dependency)

[1/38] full-core lint compile (universal + System32-only profile)
CORE UNIVERSAL LINT PASS
CORE STANDARD PROFILE LINT PASS
CORE V25 PROFILE LINT PASS
CORE BUILD PROFILES: PASS

[2/38] V60 smoke test
SMOKE PASS

[3/38] V60 directed suite
DIRECTED PASS

[4/38] full-core integration boot (universal + System32-only profile)
CORE BOOT PASS
CORE BOOT PASS
CORE BUILD-PROFILE BOOTS: PASS

[5/38] V60 differential co-sim vs independent reference (50 seeds)
  differential seeds: 10/50
  differential seeds: 20/50
  differential seeds: 30/50
  differential seeds: 40/50
  differential seeds: 50/50
V60 DIFF: PASS (50/50 seeds match reference)

[6/38] full-core soak / simulator-tier acceptance (extended multi-frame)
CORE SOAK PASS

[7/38] V60 audit-fix directed tests (string/CALL/RET/RSR + SEARCH)
AUDIT PASS
V60 SEARCH PASS
V60 FLAGS PASS
V60 GA2 BOSSBAR PASS
V60 SHAOV PASS
V60 INCDECMEM PASS
V60 MOVD PASS
V60 DIVXMEM PASS
V60 CMPC PASS
V60 MOVCD PASS
V60 SCHD PASS
V60 STRFS PASS
V60 FP PASS
V60 FPDECODE PASS
V60 NO-FP PASS

[8/38] release contracts + exact dedicated-game profile boot/cache
HOLO RELEASE MRA PASS
GA2 COMPAT MRA PASS
ARABIAN FIGHT RELEASE PASS
GA2 PATH PASS
PASS: Golden Axe ROM cache directed/reference tests passed

[9/38] framebuffer interface directed test (runs / shadow RMW / erase / read)
FB IF PASS

[10/38] mixer directed + 512-case independent differential test
MIXER PASS
MIXER DIFF PASS cases=512
MIXER DIFFERENTIAL: PASS (512 cases)

[11/38] sprite pixel-path directed test (pen rules / end codes / flip / zoom / indirect)
SPRITE PASS

[12/38] sprite scale divider exactness / fixed-latency test
SPRITE DIV PASS

[13/38] V60 DIVX/DIVUX iterative 64/32 exactness / latency test
DIVX PASS

[14/38] V60 decimal group directed test (ADDDC/SUBDC/SUBRDC/CVTDPZ/CVTDZP)
DECIMAL PASS

[15/38] V60 bit string/field directed test (EXTBF/INSBF/SCHBS/MOVBS)
BITS PASS

[16/38] V60 short backward-branch fetch performance
FETCH PERF PASS

[17/38] ROM loader reset / mapping / completion gating
ROM LOADER PASS
WIDE ROM LOADER PASS

[18/38] EEPROM persistence + radial analog-gun response
EEPROM NVRAM PASS
GUN AIM PASS

[19/38] V60 20-byte F1 / high fetch-buffer offset regression
LONG EA PASS

[20/38] RF5C68 dual-port wave RAM / loop-fetch / channel cadence
RF5C68 PASS

[21/38] palette RAM alias / byte-enable / write-both / dual-port timing
PALETTE PASS

[22/38] shared tile/bitmap line-buffer latency / layer / parity isolation
LINEBUF PASS

[23/38] tilemap VRAM fetches and deadline-safe scanline scheduling
TILEMAP VRAM PASS
TILEMAP SCALE PASS
TILE SCHEDULER PASS
TILE BACKPRESSURE PASS
VIDEO MODE LATCH PASS

[24/38] byte-wide true-dual-port BRAM timing / hold / collision semantics
BYTE DPRAM PASS

[25/38] V25 mailbox BRAM + production MLAB FIFO profile
V25 DPRAM PASS
V25 MLAB FIFO COMPILE PASS

[26/38] SDRAM CL2 capture / row-open ROM write throughput / burst ordering
SDRAM CAPTURE PASS
SDRAM WRITE THROUGHPUT PASS

[27/38] integrated sprite renderer / backpressured DDR framebuffer stress
SPRITE FB PASS
SPRITE VBLANK PASS

[28/38] interrupt controller reset / source+ack collision / timers / doorbell
INTC PASS

[29/38] audio route arithmetic + generic/Golden Axe differential
AUDIO MIX PASS
PASS: audio mixer differential checks=20012
Reading D:/Q17/modelsim_ase/tcl/vsim/pref.tcl

# 10.5b

# vsim -c -lib C:\Users\meath\AppData\Local\Temp\s32-modelsim-regression-2d2bd6436f454c8fbdab1007052b342a\t29_audio_mix_diff_ga\work -l C:\Users\meath\AppData\Local\Temp\s32-modelsim-regression-2d2bd6436f454c8fbdab1007052b342a\t29_audio_mix_diff_ga\vsim.log -wlf C:\Users\meath\AppData\Local\Temp\s32-modelsim-regression-2d2bd6436f454c8fbdab1007052b342a\t29_audio_mix_diff_ga\vsim.wlf tb_audio_mix_diff -do "run -all; quit -f" 
# Start time: 18:32:30 on Jul 31,2026
# Loading sv_std.std
# Loading C:\Users\meath\AppData\Local\Temp\s32-modelsim-regression-2d2bd6436f454c8fbdab1007052b342a\t29_audio_mix_diff_ga\work.tb_audio_mix_diff
# Loading C:\Users\meath\AppData\Local\Temp\s32-modelsim-regression-2d2bd6436f454c8fbdab1007052b342a\t29_audio_mix_diff_ga\work.s32_audio_mix
# Loading C:\Users\meath\AppData\Local\Temp\s32-modelsim-regression-2d2bd6436f454c8fbdab1007052b342a\t29_audio_mix_diff_ga\work.s32_audio_mix_reference
# ** Warning: (vsim-3008) D:/Arcade/AI/s32/verif/common/tb_audio_mix_diff.sv(136): [CNNODP] - Component name (divide_by_10_exact) is not on a downward path.
#    Time: 0 ps  Iteration: 0  Instance: /tb_audio_mix_diff File: D:/Arcade/AI/s32/verif/common/tb_audio_mix_diff.sv
# ** Error: (vsim-3043) D:/Arcade/AI/s32/verif/common/tb_audio_mix_diff.sv(136): Unresolved reference to 'divide_by_10_exact' in dut.divide_by_10_exact.
#    Time: 0 ps  Iteration: 0  Instance: /tb_audio_mix_diff File: D:/Arcade/AI/s32/verif/common/tb_audio_mix_diff.sv
# ** Warning: (vsim-3008) D:/Arcade/AI/s32/verif/common/tb_audio_mix_diff.sv(136): [CNNODP] - Component name (divide_by_10_exact) is not on a downward path.
#    Time: 0 ps  Iteration: 0  Instance: /tb_audio_mix_diff File: D:/Arcade/AI/s32/verif/common/tb_audio_mix_diff.sv
# ** Error: (vsim-3043) D:/Arcade/AI/s32/verif/common/tb_audio_mix_diff.sv(136): Unresolved reference to 'divide_by_10_exact' in dut.divide_by_10_exact.
#    Time: 0 ps  Iteration: 0  Instance: /tb_audio_mix_diff File: D:/Arcade/AI/s32/verif/common/tb_audio_mix_diff.sv
# Error loading design
Error loading design
# End time: 18:32:30 on Jul 31,2026, Elapsed time: 0:00:00
# Errors: 2, Warnings: 2
ModelSim work retained at: C:\Users\meath\AppData\Local\Temp\s32-modelsim-regression-2d2bd6436f454c8fbdab1007052b342a
